[48;2;25;38;195m                                                                                                                                                                                                                                                          [0m
[48;2;25;38;195m  [0m[48;2;242;239;231m [0m[1;38;2;25;38;195;48;2;242;239;231mFROST[0m[48;2;242;239;231m [0m[38;2;177;174;169;48;2;25;38;195m  restore from inflict-wolf-023e[0m[48;2;25;38;195m                                                                                                                                                                                       [0m[38;2;177;174;169;48;2;25;38;195mmemory  key [0m[38;2;10;10;11;48;2;10;10;11m            [0m[48;2;25;38;195m  [0m
[48;2;25;38;195m  [0m[48;2;25;38;195m                                                                                                                                                                                                                                                      [0m[48;2;25;38;195m  [0m
[48;2;25;38;195m  [0m[48;2;25;38;195m                                                                                                                                                                                                                                                      [0m[48;2;25;38;195m  [0m
[48;2;25;38;195m  [0m[48;2;25;38;195m                                                                                                                                                                                                                                                      [0m[48;2;25;38;195m  [0m
[48;2;25;38;195m  [0m[48;2;25;38;195m                                                                                                                                                                                                                                                      [0m[48;2;25;38;195m  [0m
[48;2;25;38;195m  [0m[48;2;25;38;195m                                                                                                                                                                                                                                                      [0m[48;2;25;38;195m  [0m
[48;2;25;38;195m  [0m[48;2;25;38;195m                                                                                                                                                                                                                                                      [0m[48;2;25;38;195m  [0m
[48;2;25;38;195m  [0m[48;2;25;38;195m                                                                                                                                                                                                                                                      [0m[48;2;25;38;195m  [0m
[48;2;25;38;195m  [0m[48;2;25;38;195m                                                                                                                                                                                                                                                      [0m[48;2;25;38;195m  [0m
[48;2;25;38;195m  [0m[48;2;25;38;195m                                                                                                                                                                                                                                                      [0m[48;2;25;38;195m  [0m
[48;2;25;38;195m  [0m[48;2;25;38;195m                                                                                                                                                                                                                                                      [0m[48;2;25;38;195m  [0m
[48;2;25;38;195m  [0m[48;2;25;38;195m                                                                                                                                                                                                                                                      [0m[48;2;25;38;195m  [0m
[48;2;25;38;195m  [0m[48;2;25;38;195m                                                                                                                                                                                                                                                      [0m[48;2;25;38;195m  [0m
[48;2;25;38;195m  [0m[48;2;25;38;195m                                                                                                                                                                                                                                                      [0m[48;2;25;38;195m  [0m
[48;2;25;38;195m  [0m[48;2;25;38;195m                                                                                                                                                                                                                                                      [0m[48;2;25;38;195m  [0m
[48;2;25;38;195m  [0m[48;2;25;38;195m                                                                                                                                                                                                                                                      [0m[48;2;25;38;195m  [0m
[48;2;25;38;195m  [0m[48;2;25;38;195m                                                                                                                                                                                                                                                      [0m[48;2;25;38;195m  [0m
[48;2;25;38;195m  [0m[48;2;25;38;195m                                                                                                                                                                                                                                                      [0m[48;2;25;38;195m  [0m
[48;2;25;38;195m  [0m[48;2;25;38;195m                                                                                                                                                                                                                                                      [0m[48;2;25;38;195m  [0m
[48;2;25;38;195m  [0m[48;2;25;38;195m                                                                                                                                                                                                                                                      [0m[48;2;25;38;195m  [0m
[48;2;25;38;195m  [0m[48;2;25;38;195m                                                                                                                                                                                                                                                      [0m[48;2;25;38;195m  [0m
[48;2;25;38;195m  [0m[48;2;25;38;195m                                                                                                                                                                                                                                                      [0m[48;2;25;38;195m  [0m
[48;2;25;38;195m  [0m[48;2;25;38;195m                                                                                                                                                                                                                                                      [0m[48;2;25;38;195m  [0m
[48;2;25;38;195m  [0m[48;2;25;38;195m                                                                                                                                                                                                                                                      [0m[48;2;25;38;195m  [0m
[48;2;25;38;195m  [0m[48;2;25;38;195m                                                                                                                                                                                                                                                      [0m[48;2;25;38;195m  [0m
[48;2;25;38;195m  [0m[48;2;25;38;195m                                                                                                                                                                                                                                                      [0m[48;2;25;38;195m  [0m
[48;2;25;38;195m  [0m[48;2;25;38;195m                                                                                                                                                                                                                                                      [0m[48;2;25;38;195m  [0m
[48;2;25;38;195m  [0m[48;2;25;38;195m                                                                                                                                                                                                                                                      [0m[48;2;25;38;195m  [0m
[48;2;25;38;195m  [0m[48;2;25;38;195m                                                                                                                                                                                                                                                      [0m[48;2;25;38;195m  [0m
[48;2;25;38;195m  [0m[48;2;25;38;195m                                                                               [0m[38;2;242;239;231;48;2;25;38;195m┌──────────────────────────────────────────────────────────────────────────────────────┐[0m[48;2;25;38;195m                                                                               [0m[48;2;25;38;195m  [0m
[48;2;25;38;195m  [0m[48;2;25;38;195m                                                                               [0m[38;2;242;239;231;48;2;25;38;195m│[0m[48;2;25;38;195m                                                                                      [0m[38;2;242;239;231;48;2;25;38;195m│[0m[48;2;25;38;195m                                                                               [0m[48;2;25;38;195m  [0m
[48;2;25;38;195m  [0m[48;2;25;38;195m                                                                               [0m[38;2;242;239;231;48;2;25;38;195m│[0m[48;2;25;38;195m   [0m[48;2;25;38;195m[1;38;2;242;239;231;48;2;25;38;195m[1;38;2;242;239;231;48;2;25;38;195m/[0m[0m[38;2;242;239;231;48;2;25;38;195m Restoring and checking every chunk...[0m[48;2;25;38;195m                                         [0m[0m[48;2;25;38;195m   [0m[38;2;242;239;231;48;2;25;38;195m│[0m[48;2;25;38;195m                                                                               [0m[48;2;25;38;195m  [0m
[48;2;25;38;195m  [0m[48;2;25;38;195m                                                                               [0m[38;2;242;239;231;48;2;25;38;195m│[0m[48;2;25;38;195m   [0m[48;2;25;38;195m[48;2;25;38;195m                                                                                [0m[0m[48;2;25;38;195m   [0m[38;2;242;239;231;48;2;25;38;195m│[0m[48;2;25;38;195m                                                                               [0m[48;2;25;38;195m  [0m
[48;2;25;38;195m  [0m[48;2;25;38;195m                                                                               [0m[38;2;242;239;231;48;2;25;38;195m│[0m[48;2;25;38;195m   [0m[48;2;25;38;195m[38;2;10;10;11;48;2;242;239;231m                            [0m[38;2;121;119;116;48;2;25;38;195m············································[0m[38;2;242;239;231;48;2;25;38;195m  40%[0m[48;2;25;38;195m   [0m[0m[48;2;25;38;195m   [0m[38;2;242;239;231;48;2;25;38;195m│[0m[48;2;25;38;195m                                                                               [0m[48;2;25;38;195m  [0m
[48;2;25;38;195m  [0m[48;2;25;38;195m                                                                               [0m[38;2;242;239;231;48;2;25;38;195m│[0m[48;2;25;38;195m   [0m[48;2;25;38;195m[38;2;177;174;169;48;2;25;38;195m2 of 5  /backup/Documents/notes.md[0m[48;2;25;38;195m                                              [0m[0m[48;2;25;38;195m   [0m[38;2;242;239;231;48;2;25;38;195m│[0m[48;2;25;38;195m                                                                               [0m[48;2;25;38;195m  [0m
[48;2;25;38;195m  [0m[48;2;25;38;195m                                                                               [0m[38;2;242;239;231;48;2;25;38;195m│[0m[48;2;25;38;195m                                                                                      [0m[38;2;242;239;231;48;2;25;38;195m│[0m[48;2;25;38;195m                                                                               [0m[48;2;25;38;195m  [0m
[48;2;25;38;195m  [0m[48;2;25;38;195m                                                                               [0m[38;2;242;239;231;48;2;25;38;195m└──────────────────────────────────────────────────────────────────────────────────────┘[0m[48;2;25;38;195m                                                                               [0m[48;2;25;38;195m  [0m
[48;2;25;38;195m  [0m[48;2;25;38;195m                                                                                                                                                                                                                                                      [0m[48;2;25;38;195m  [0m
[48;2;25;38;195m  [0m[48;2;25;38;195m                                                                                                                                                                                                                                                      [0m[48;2;25;38;195m  [0m
[48;2;25;38;195m  [0m[48;2;25;38;195m                                                                                                                                                                                                                                                      [0m[48;2;25;38;195m  [0m
[48;2;25;38;195m  [0m[48;2;25;38;195m                                                                                                                                                                                                                                                      [0m[48;2;25;38;195m  [0m
[48;2;25;38;195m  [0m[48;2;25;38;195m                                                                                                                                                                                                                                                      [0m[48;2;25;38;195m  [0m
[48;2;25;38;195m  [0m[48;2;25;38;195m                                                                                                                                                                                                                                                      [0m[48;2;25;38;195m  [0m
[48;2;25;38;195m  [0m[48;2;25;38;195m                                                                                                                                                                                                                                                      [0m[48;2;25;38;195m  [0m
[48;2;25;38;195m  [0m[48;2;25;38;195m                                                                                                                                                                                                                                                      [0m[48;2;25;38;195m  [0m
[48;2;25;38;195m  [0m[48;2;25;38;195m                                                                                                                                                                                                                                                      [0m[48;2;25;38;195m  [0m
[48;2;25;38;195m  [0m[48;2;25;38;195m                                                                                                                                                                                                                                                      [0m[48;2;25;38;195m  [0m
[48;2;25;38;195m  [0m[48;2;25;38;195m                                                                                                                                                                                                                                                      [0m[48;2;25;38;195m  [0m
[48;2;25;38;195m  [0m[48;2;25;38;195m                                                                                                                                                                                                                                                      [0m[48;2;25;38;195m  [0m
[48;2;25;38;195m  [0m[48;2;25;38;195m                                                                                                                                                                                                                                                      [0m[48;2;25;38;195m  [0m
[48;2;25;38;195m  [0m[48;2;25;38;195m                                                                                                                                                                                                                                                      [0m[48;2;25;38;195m  [0m
[48;2;25;38;195m  [0m[48;2;25;38;195m                                                                                                                                                                                                                                                      [0m[48;2;25;38;195m  [0m
[48;2;25;38;195m  [0m[48;2;25;38;195m                                                                                                                                                                                                                                                      [0m[48;2;25;38;195m  [0m
[48;2;25;38;195m  [0m[48;2;25;38;195m                                                                                                                                                                                                                                                      [0m[48;2;25;38;195m  [0m
[48;2;25;38;195m  [0m[48;2;25;38;195m                                                                                                                                                                                                                                                      [0m[48;2;25;38;195m  [0m
[48;2;25;38;195m  [0m[48;2;25;38;195m                                                                                                                                                                                                                                                      [0m[48;2;25;38;195m  [0m
[48;2;25;38;195m  [0m[48;2;25;38;195m                                                                                                                                                                                                                                                      [0m[48;2;25;38;195m  [0m
[48;2;25;38;195m  [0m[48;2;25;38;195m                                                                                                                                                                                                                                                      [0m[48;2;25;38;195m  [0m
[48;2;25;38;195m  [0m[48;2;25;38;195m                                                                                                                                                                                                                                                      [0m[48;2;25;38;195m  [0m
[48;2;25;38;195m  [0m[48;2;25;38;195m                                                                                                                                                                                                                                                      [0m[48;2;25;38;195m  [0m
[48;2;25;38;195m  [0m[48;2;25;38;195m                                                                                                                                                                                                                                                      [0m[48;2;25;38;195m  [0m
[48;2;25;38;195m  [0m[48;2;25;38;195m                                                                                                                                                                                                                                                      [0m[48;2;25;38;195m  [0m
[48;2;25;38;195m  [0m[48;2;25;38;195m                                                                                                                                                                                                                                                      [0m[48;2;25;38;195m  [0m
[48;2;25;38;195m  [0m[48;2;25;38;195m                                                                                                                                                                                                                                                      [0m[48;2;25;38;195m  [0m
[48;2;25;38;195m  [0m[48;2;25;38;195m                                                                                                                                                                                                                                                      [0m[48;2;25;38;195m  [0m
[48;2;25;38;195m  [0m[48;2;25;38;195m                                                                                                                                                                                                                                                      [0m[48;2;25;38;195m  [0m
[48;2;25;38;195m  [0m[38;2;121;119;116;48;2;25;38;195m──────────────────────────────────────────────────────────────────────────────────────────────────────────────────────────────────────────────────────────────────────────────────────────────────────────────────────────────────────────────────────[0m[48;2;25;38;195m  [0m
[48;2;25;38;195m  [0m[1;38;2;242;239;231;48;2;25;38;195m[ctrl+c][0m[38;2;177;174;169;48;2;25;38;195m abort[0m[48;2;25;38;195m                                                                                                                                                                                                                                        [0m[48;2;25;38;195m  [0m
[48;2;25;38;195m                                                                                                                                                                                                                                                          [0m