[48;2;25;38;195m                                                                                                                                                                                                                                                          [0m
[48;2;25;38;195m  [0m[48;2;242;239;231m [0m[1;38;2;25;38;195;48;2;242;239;231mFROST[0m[48;2;242;239;231m [0m[38;2;177;174;169;48;2;25;38;195m  compare honey-limit-2f37 → inflict-wolf-023e[0m[48;2;25;38;195m                                                                                                                                                                         [0m[38;2;177;174;169;48;2;25;38;195mmemory  key [0m[38;2;10;10;11;48;2;10;10;11m            [0m[48;2;25;38;195m  [0m
[48;2;25;38;195m  [0m[48;2;25;38;195m                                                                                                                                                                                                                                                      [0m[48;2;25;38;195m  [0m
[48;2;25;38;195m  [0m[38;2;242;239;231;48;2;25;38;195m┌────────────────────────────────────────────────────────────────────────────────────────────────────────────────────────────────────────────────────────────────────────────────────────────────────────────────────────────────────────────────────┐[0m[48;2;25;38;195m  [0m
[48;2;25;38;195m  [0m[38;2;242;239;231;48;2;25;38;195m│[0m[48;2;25;38;195m [0m[48;2;25;38;195m[38;2;126;231;135;48;2;25;38;195m+1 added[0m[48;2;25;38;195m   [0m[38;2;255;161;152;48;2;25;38;195m-1 removed[0m[48;2;25;38;195m   [0m[38;2;242;204;96;48;2;25;38;195m~1 changed[0m[0m[48;2;25;38;195m [0m[48;2;25;38;195m                                                                                                                                                                                                                [0m[38;2;242;239;231;48;2;25;38;195m│[0m[48;2;25;38;195m  [0m
[48;2;25;38;195m  [0m[38;2;242;239;231;48;2;25;38;195m│[0m[48;2;25;38;195m [0m[48;2;25;38;195m[38;2;121;119;116;48;2;25;38;195m──────────────────────────────────────────────────────────────────────────────────────────────────────────────────────────────────────────────────────────────────────────────────────────────────────────────────────────────────────────────────[0m[0m[48;2;25;38;195m [0m[38;2;242;239;231;48;2;25;38;195m│[0m[48;2;25;38;195m  [0m
[48;2;25;38;195m  [0m[38;2;242;239;231;48;2;25;38;195m│[0m[48;2;25;38;195m [0m[48;2;25;38;195m[38;2;126;231;135;48;2;25;38;195m+ [0m[38;2;242;239;231;48;2;25;38;195m003/Documents/new.txt                                                                                                                                                                                                 [0m[38;2;177;174;169;48;2;25;38;195m                       8 B[0m[0m[48;2;25;38;195m [0m[38;2;242;239;231;48;2;25;38;195m│[0m[48;2;25;38;195m  [0m
[48;2;25;38;195m  [0m[38;2;242;239;231;48;2;25;38;195m│[0m[48;2;25;38;195m [0m[48;2;25;38;195m[38;2;242;204;96;48;2;25;38;195m~ [0m[38;2;242;239;231;48;2;25;38;195m003/Documents/notes.md                                                                                                                                                                                                [0m[38;2;177;174;169;48;2;25;38;195m                5 B → 14 B[0m[0m[48;2;25;38;195m [0m[38;2;242;239;231;48;2;25;38;195m│[0m[48;2;25;38;195m  [0m
[48;2;25;38;195m  [0m[38;2;242;239;231;48;2;25;38;195m│[0m[48;2;25;38;195m [0m[48;2;25;38;195m[38;2;255;161;152;48;2;25;38;195m- [0m[38;2;242;239;231;48;2;25;38;195m003/Documents/taxes/2025.pdf                                                                                                                                                                                          [0m[38;2;177;174;169;48;2;25;38;195m                  120.0 kB[0m[0m[48;2;25;38;195m [0m[38;2;242;239;231;48;2;25;38;195m│[0m[48;2;25;38;195m  [0m
[48;2;25;38;195m  [0m[38;2;242;239;231;48;2;25;38;195m│[0m[48;2;25;38;195m                                                                                                                                                                                                                                                    [0m[38;2;242;239;231;48;2;25;38;195m│[0m[48;2;25;38;195m  [0m
[48;2;25;38;195m  [0m[38;2;242;239;231;48;2;25;38;195m│[0m[48;2;25;38;195m                                                                                                                                                                                                                                                    [0m[38;2;242;239;231;48;2;25;38;195m│[0m[48;2;25;38;195m  [0m
[48;2;25;38;195m  [0m[38;2;242;239;231;48;2;25;38;195m│[0m[48;2;25;38;195m                                                                                                                                                                                                                                                    [0m[38;2;242;239;231;48;2;25;38;195m│[0m[48;2;25;38;195m  [0m
[48;2;25;38;195m  [0m[38;2;242;239;231;48;2;25;38;195m│[0m[48;2;25;38;195m                                                                                                                                                                                                                                                    [0m[38;2;242;239;231;48;2;25;38;195m│[0m[48;2;25;38;195m  [0m
[48;2;25;38;195m  [0m[38;2;242;239;231;48;2;25;38;195m│[0m[48;2;25;38;195m                                                                                                                                                                                                                                                    [0m[38;2;242;239;231;48;2;25;38;195m│[0m[48;2;25;38;195m  [0m
[48;2;25;38;195m  [0m[38;2;242;239;231;48;2;25;38;195m│[0m[48;2;25;38;195m                                                                                                                                                                                                                                                    [0m[38;2;242;239;231;48;2;25;38;195m│[0m[48;2;25;38;195m  [0m
[48;2;25;38;195m  [0m[38;2;242;239;231;48;2;25;38;195m│[0m[48;2;25;38;195m                                                                                                                                                                                                                                                    [0m[38;2;242;239;231;48;2;25;38;195m│[0m[48;2;25;38;195m  [0m
[48;2;25;38;195m  [0m[38;2;242;239;231;48;2;25;38;195m│[0m[48;2;25;38;195m                                                                                                                                                                                                                                                    [0m[38;2;242;239;231;48;2;25;38;195m│[0m[48;2;25;38;195m  [0m
[48;2;25;38;195m  [0m[38;2;242;239;231;48;2;25;38;195m│[0m[48;2;25;38;195m                                                                                                                                                                                                                                                    [0m[38;2;242;239;231;48;2;25;38;195m│[0m[48;2;25;38;195m  [0m
[48;2;25;38;195m  [0m[38;2;242;239;231;48;2;25;38;195m│[0m[48;2;25;38;195m                                                                                                                                                                                                                                                    [0m[38;2;242;239;231;48;2;25;38;195m│[0m[48;2;25;38;195m  [0m
[48;2;25;38;195m  [0m[38;2;242;239;231;48;2;25;38;195m│[0m[48;2;25;38;195m                                                                                                                                                                                                                                                    [0m[38;2;242;239;231;48;2;25;38;195m│[0m[48;2;25;38;195m  [0m
[48;2;25;38;195m  [0m[38;2;242;239;231;48;2;25;38;195m│[0m[48;2;25;38;195m                                                                                                                                                                                                                                                    [0m[38;2;242;239;231;48;2;25;38;195m│[0m[48;2;25;38;195m  [0m
[48;2;25;38;195m  [0m[38;2;242;239;231;48;2;25;38;195m│[0m[48;2;25;38;195m                                                                                                                                                                                                                                                    [0m[38;2;242;239;231;48;2;25;38;195m│[0m[48;2;25;38;195m  [0m
[48;2;25;38;195m  [0m[38;2;242;239;231;48;2;25;38;195m│[0m[48;2;25;38;195m                                                                                                                                                                                                                                                    [0m[38;2;242;239;231;48;2;25;38;195m│[0m[48;2;25;38;195m  [0m
[48;2;25;38;195m  [0m[38;2;242;239;231;48;2;25;38;195m│[0m[48;2;25;38;195m                                                                                                                                                                                                                                                    [0m[38;2;242;239;231;48;2;25;38;195m│[0m[48;2;25;38;195m  [0m
[48;2;25;38;195m  [0m[38;2;242;239;231;48;2;25;38;195m│[0m[48;2;25;38;195m                                                                                                                                                                                                                                                    [0m[38;2;242;239;231;48;2;25;38;195m│[0m[48;2;25;38;195m  [0m
[48;2;25;38;195m  [0m[38;2;242;239;231;48;2;25;38;195m│[0m[48;2;25;38;195m                                                                                                                                                                                                                                                    [0m[38;2;242;239;231;48;2;25;38;195m│[0m[48;2;25;38;195m  [0m
[48;2;25;38;195m  [0m[38;2;242;239;231;48;2;25;38;195m│[0m[48;2;25;38;195m                                                                                                                                                                                                                                                    [0m[38;2;242;239;231;48;2;25;38;195m│[0m[48;2;25;38;195m  [0m
[48;2;25;38;195m  [0m[38;2;242;239;231;48;2;25;38;195m│[0m[48;2;25;38;195m                                                                                                                                                                                                                                                    [0m[38;2;242;239;231;48;2;25;38;195m│[0m[48;2;25;38;195m  [0m
[48;2;25;38;195m  [0m[38;2;242;239;231;48;2;25;38;195m│[0m[48;2;25;38;195m                                                                                                                                                                                                                                                    [0m[38;2;242;239;231;48;2;25;38;195m│[0m[48;2;25;38;195m  [0m
[48;2;25;38;195m  [0m[38;2;242;239;231;48;2;25;38;195m│[0m[48;2;25;38;195m                                                                                                                                                                                                                                                    [0m[38;2;242;239;231;48;2;25;38;195m│[0m[48;2;25;38;195m  [0m
[48;2;25;38;195m  [0m[38;2;242;239;231;48;2;25;38;195m│[0m[48;2;25;38;195m                                                                                                                                                                                                                                                    [0m[38;2;242;239;231;48;2;25;38;195m│[0m[48;2;25;38;195m  [0m
[48;2;25;38;195m  [0m[38;2;242;239;231;48;2;25;38;195m│[0m[48;2;25;38;195m                                                                                                                                                                                                                                                    [0m[38;2;242;239;231;48;2;25;38;195m│[0m[48;2;25;38;195m  [0m
[48;2;25;38;195m  [0m[38;2;242;239;231;48;2;25;38;195m│[0m[48;2;25;38;195m                                                                                                                                                                                                                                                    [0m[38;2;242;239;231;48;2;25;38;195m│[0m[48;2;25;38;195m  [0m
[48;2;25;38;195m  [0m[38;2;242;239;231;48;2;25;38;195m│[0m[48;2;25;38;195m                                                                                                                                                                                                                                                    [0m[38;2;242;239;231;48;2;25;38;195m│[0m[48;2;25;38;195m  [0m
[48;2;25;38;195m  [0m[38;2;242;239;231;48;2;25;38;195m│[0m[48;2;25;38;195m                                                                                                                                                                                                                                                    [0m[38;2;242;239;231;48;2;25;38;195m│[0m[48;2;25;38;195m  [0m
[48;2;25;38;195m  [0m[38;2;242;239;231;48;2;25;38;195m│[0m[48;2;25;38;195m                                                                                                                                                                                                                                                    [0m[38;2;242;239;231;48;2;25;38;195m│[0m[48;2;25;38;195m  [0m
[48;2;25;38;195m  [0m[38;2;242;239;231;48;2;25;38;195m│[0m[48;2;25;38;195m                                                                                                                                                                                                                                                    [0m[38;2;242;239;231;48;2;25;38;195m│[0m[48;2;25;38;195m  [0m
[48;2;25;38;195m  [0m[38;2;242;239;231;48;2;25;38;195m│[0m[48;2;25;38;195m                                                                                                                                                                                                                                                    [0m[38;2;242;239;231;48;2;25;38;195m│[0m[48;2;25;38;195m  [0m
[48;2;25;38;195m  [0m[38;2;242;239;231;48;2;25;38;195m│[0m[48;2;25;38;195m                                                                                                                                                                                                                                                    [0m[38;2;242;239;231;48;2;25;38;195m│[0m[48;2;25;38;195m  [0m
[48;2;25;38;195m  [0m[38;2;242;239;231;48;2;25;38;195m│[0m[48;2;25;38;195m                                                                                                                                                                                                                                                    [0m[38;2;242;239;231;48;2;25;38;195m│[0m[48;2;25;38;195m  [0m
[48;2;25;38;195m  [0m[38;2;242;239;231;48;2;25;38;195m│[0m[48;2;25;38;195m                                                                                                                                                                                                                                                    [0m[38;2;242;239;231;48;2;25;38;195m│[0m[48;2;25;38;195m  [0m
[48;2;25;38;195m  [0m[38;2;242;239;231;48;2;25;38;195m│[0m[48;2;25;38;195m                                                                                                                                                                                                                                                    [0m[38;2;242;239;231;48;2;25;38;195m│[0m[48;2;25;38;195m  [0m
[48;2;25;38;195m  [0m[38;2;242;239;231;48;2;25;38;195m│[0m[48;2;25;38;195m                                                                                                                                                                                                                                                    [0m[38;2;242;239;231;48;2;25;38;195m│[0m[48;2;25;38;195m  [0m
[48;2;25;38;195m  [0m[38;2;242;239;231;48;2;25;38;195m│[0m[48;2;25;38;195m                                                                                                                                                                                                                                                    [0m[38;2;242;239;231;48;2;25;38;195m│[0m[48;2;25;38;195m  [0m
[48;2;25;38;195m  [0m[38;2;242;239;231;48;2;25;38;195m│[0m[48;2;25;38;195m                                                                                                                                                                                                                                                    [0m[38;2;242;239;231;48;2;25;38;195m│[0m[48;2;25;38;195m  [0m
[48;2;25;38;195m  [0m[38;2;242;239;231;48;2;25;38;195m│[0m[48;2;25;38;195m                                                                                                                                                                                                                                                    [0m[38;2;242;239;231;48;2;25;38;195m│[0m[48;2;25;38;195m  [0m
[48;2;25;38;195m  [0m[38;2;242;239;231;48;2;25;38;195m│[0m[48;2;25;38;195m                                                                                                                                                                                                                                                    [0m[38;2;242;239;231;48;2;25;38;195m│[0m[48;2;25;38;195m  [0m
[48;2;25;38;195m  [0m[38;2;242;239;231;48;2;25;38;195m│[0m[48;2;25;38;195m                                                                                                                                                                                                                                                    [0m[38;2;242;239;231;48;2;25;38;195m│[0m[48;2;25;38;195m  [0m
[48;2;25;38;195m  [0m[38;2;242;239;231;48;2;25;38;195m│[0m[48;2;25;38;195m                                                                                                                                                                                                                                                    [0m[38;2;242;239;231;48;2;25;38;195m│[0m[48;2;25;38;195m  [0m
[48;2;25;38;195m  [0m[38;2;242;239;231;48;2;25;38;195m│[0m[48;2;25;38;195m                                                                                                                                                                                                                                                    [0m[38;2;242;239;231;48;2;25;38;195m│[0m[48;2;25;38;195m  [0m
[48;2;25;38;195m  [0m[38;2;242;239;231;48;2;25;38;195m│[0m[48;2;25;38;195m                                                                                                                                                                                                                                                    [0m[38;2;242;239;231;48;2;25;38;195m│[0m[48;2;25;38;195m  [0m
[48;2;25;38;195m  [0m[38;2;242;239;231;48;2;25;38;195m│[0m[48;2;25;38;195m                                                                                                                                                                                                                                                    [0m[38;2;242;239;231;48;2;25;38;195m│[0m[48;2;25;38;195m  [0m
[48;2;25;38;195m  [0m[38;2;242;239;231;48;2;25;38;195m│[0m[48;2;25;38;195m                                                                                                                                                                                                                                                    [0m[38;2;242;239;231;48;2;25;38;195m│[0m[48;2;25;38;195m  [0m
[48;2;25;38;195m  [0m[38;2;242;239;231;48;2;25;38;195m│[0m[48;2;25;38;195m                                                                                                                                                                                                                                                    [0m[38;2;242;239;231;48;2;25;38;195m│[0m[48;2;25;38;195m  [0m
[48;2;25;38;195m  [0m[38;2;242;239;231;48;2;25;38;195m│[0m[48;2;25;38;195m                                                                                                                                                                                                                                                    [0m[38;2;242;239;231;48;2;25;38;195m│[0m[48;2;25;38;195m  [0m
[48;2;25;38;195m  [0m[38;2;242;239;231;48;2;25;38;195m│[0m[48;2;25;38;195m                                                                                                                                                                                                                                                    [0m[38;2;242;239;231;48;2;25;38;195m│[0m[48;2;25;38;195m  [0m
[48;2;25;38;195m  [0m[38;2;242;239;231;48;2;25;38;195m│[0m[48;2;25;38;195m                                                                                                                                                                                                                                                    [0m[38;2;242;239;231;48;2;25;38;195m│[0m[48;2;25;38;195m  [0m
[48;2;25;38;195m  [0m[38;2;242;239;231;48;2;25;38;195m│[0m[48;2;25;38;195m                                                                                                                                                                                                                                                    [0m[38;2;242;239;231;48;2;25;38;195m│[0m[48;2;25;38;195m  [0m
[48;2;25;38;195m  [0m[38;2;242;239;231;48;2;25;38;195m│[0m[48;2;25;38;195m                                                                                                                                                                                                                                                    [0m[38;2;242;239;231;48;2;25;38;195m│[0m[48;2;25;38;195m  [0m
[48;2;25;38;195m  [0m[38;2;242;239;231;48;2;25;38;195m│[0m[48;2;25;38;195m                                                                                                                                                                                                                                                    [0m[38;2;242;239;231;48;2;25;38;195m│[0m[48;2;25;38;195m  [0m
[48;2;25;38;195m  [0m[38;2;242;239;231;48;2;25;38;195m│[0m[48;2;25;38;195m                                                                                                                                                                                                                                                    [0m[38;2;242;239;231;48;2;25;38;195m│[0m[48;2;25;38;195m  [0m
[48;2;25;38;195m  [0m[38;2;242;239;231;48;2;25;38;195m│[0m[48;2;25;38;195m                                                                                                                                                                                                                                                    [0m[38;2;242;239;231;48;2;25;38;195m│[0m[48;2;25;38;195m  [0m
[48;2;25;38;195m  [0m[38;2;242;239;231;48;2;25;38;195m│[0m[48;2;25;38;195m                                                                                                                                                                                                                                                    [0m[38;2;242;239;231;48;2;25;38;195m│[0m[48;2;25;38;195m  [0m
[48;2;25;38;195m  [0m[38;2;242;239;231;48;2;25;38;195m│[0m[48;2;25;38;195m                                                                                                                                                                                                                                                    [0m[38;2;242;239;231;48;2;25;38;195m│[0m[48;2;25;38;195m  [0m
[48;2;25;38;195m  [0m[38;2;242;239;231;48;2;25;38;195m│[0m[48;2;25;38;195m                                                                                                                                                                                                                                                    [0m[38;2;242;239;231;48;2;25;38;195m│[0m[48;2;25;38;195m  [0m
[48;2;25;38;195m  [0m[38;2;242;239;231;48;2;25;38;195m└────────────────────────────────────────────────────────────────────────────────────────────────────────────────────────────────────────────────────────────────────────────────────────────────────────────────────────────────────────────────────┘[0m[48;2;25;38;195m  [0m
[48;2;25;38;195m  [0m[48;2;25;38;195m                                                                                                                                                                                                                                                      [0m[48;2;25;38;195m  [0m
[48;2;25;38;195m  [0m[38;2;121;119;116;48;2;25;38;195m──────────────────────────────────────────────────────────────────────────────────────────────────────────────────────────────────────────────────────────────────────────────────────────────────────────────────────────────────────────────────────[0m[48;2;25;38;195m  [0m
[48;2;25;38;195m  [0m[1;38;2;242;239;231;48;2;25;38;195m[↑↓][0m[38;2;177;174;169;48;2;25;38;195m scroll[0m[48;2;25;38;195m   [0m[1;38;2;242;239;231;48;2;25;38;195m[esc][0m[38;2;177;174;169;48;2;25;38;195m back[0m[48;2;25;38;195m   [0m[1;38;2;242;239;231;48;2;25;38;195m[v][0m[38;2;177;174;169;48;2;25;38;195m show key[0m[48;2;25;38;195m   [0m[1;38;2;242;239;231;48;2;25;38;195m[s][0m[38;2;177;174;169;48;2;25;38;195m settings[0m[48;2;25;38;195m   [0m[1;38;2;242;239;231;48;2;25;38;195m[h][0m[38;2;177;174;169;48;2;25;38;195m help[0m[48;2;25;38;195m   [0m[1;38;2;242;239;231;48;2;25;38;195m[q][0m[38;2;177;174;169;48;2;25;38;195m quit[0m[48;2;25;38;195m                                                                                                                                                                          [0m[48;2;25;38;195m  [0m
[48;2;25;38;195m                                                                                                                                                                                                                                                          [0m