[48;2;25;38;195m                                                                                                                        [0m
[48;2;25;38;195m                                                                                                                        [0m
[48;2;25;38;195m                                                                                                                        [0m
[48;2;25;38;195m                                                                                                                        [0m
[48;2;25;38;195m                                                                                                                        [0m
[48;2;25;38;195m                                                                                                                        [0m
[48;2;25;38;195m                                                                                                                        [0m
[48;2;25;38;195m                    [0m[48;2;242;239;231m [0m[1;38;2;25;38;195;48;2;242;239;231mFROST[0m[48;2;242;239;231m [0m[38;2;177;174;169;48;2;25;38;195m  setup[0m[48;2;25;38;195m                                      [0m[38;2;177;174;169;48;2;25;38;195mfolders  [0m[38;2;242;239;231;48;2;25;38;195m━━━[0m[48;2;25;38;195m [0m[38;2;242;239;231;48;2;25;38;195m━━━[0m[48;2;25;38;195m [0m[38;2;121;119;116;48;2;25;38;195m━━━[0m[48;2;25;38;195m [0m[38;2;121;119;116;48;2;25;38;195m━━━[0m[48;2;25;38;195m [0m[38;2;121;119;116;48;2;25;38;195m━━━[0m[48;2;25;38;195m                    [0m
[48;2;25;38;195m                    [0m[48;2;25;38;195m                                                                                [0m[48;2;25;38;195m                    [0m
[48;2;25;38;195m                    [0m[48;2;25;38;195m          [0m[48;2;25;38;195m                                                            [0m[48;2;25;38;195m          [0m[48;2;25;38;195m                    [0m
[48;2;25;38;195m                    [0m[48;2;25;38;195m          [0m[48;2;25;38;195m                                                            [0m[48;2;25;38;195m          [0m[48;2;25;38;195m                    [0m
[48;2;25;38;195m                    [0m[48;2;25;38;195m          [0m[1;38;2;242;239;231;48;2;25;38;195mWhich files should frost skip?[0m[48;2;25;38;195m                              [0m[48;2;25;38;195m          [0m[48;2;25;38;195m                    [0m
[48;2;25;38;195m                    [0m[48;2;25;38;195m          [0m[38;2;177;174;169;48;2;25;38;195mNames or patterns. * matches anything, like *.tmp.[0m[48;2;25;38;195m          [0m[48;2;25;38;195m          [0m[48;2;25;38;195m                    [0m
[48;2;25;38;195m                    [0m[48;2;25;38;195m          [0m[48;2;25;38;195m                                                            [0m[48;2;25;38;195m          [0m[48;2;25;38;195m                    [0m
[48;2;25;38;195m                    [0m[48;2;25;38;195m          [0m[38;2;242;239;231;48;2;25;38;195m .DS_Store[0m[48;2;25;38;195m                                                  [0m[48;2;25;38;195m          [0m[48;2;25;38;195m                    [0m
[48;2;25;38;195m                    [0m[48;2;25;38;195m          [0m[38;2;242;239;231;48;2;25;38;195m Thumbs.db[0m[48;2;25;38;195m                                                  [0m[48;2;25;38;195m          [0m[48;2;25;38;195m                    [0m
[48;2;25;38;195m                    [0m[48;2;25;38;195m          [0m[38;2;242;239;231;48;2;25;38;195m *.tmp[0m[48;2;25;38;195m                                                      [0m[48;2;25;38;195m          [0m[48;2;25;38;195m                    [0m
[48;2;25;38;195m                    [0m[48;2;25;38;195m          [0m[38;2;242;239;231;48;2;25;38;195m *.swp[0m[48;2;25;38;195m                                                      [0m[48;2;25;38;195m          [0m[48;2;25;38;195m                    [0m
[48;2;25;38;195m                    [0m[48;2;25;38;195m          [0m[38;2;242;239;231;48;2;25;38;195m node_modules[0m[48;2;25;38;195m                                               [0m[48;2;25;38;195m          [0m[48;2;25;38;195m                    [0m
[48;2;25;38;195m                    [0m[48;2;25;38;195m          [0m[38;2;242;239;231;48;2;25;38;195m .cache[0m[48;2;25;38;195m                                                     [0m[48;2;25;38;195m          [0m[48;2;25;38;195m                    [0m
[48;2;25;38;195m                    [0m[48;2;25;38;195m          [0m[48;2;25;38;195m                                                            [0m[48;2;25;38;195m          [0m[48;2;25;38;195m                    [0m
[48;2;25;38;195m                    [0m[48;2;25;38;195m          [0m[38;2;242;239;231;48;2;25;38;195m┌──────────────────────────────────────────────────────────┐[0m[48;2;25;38;195m          [0m[48;2;25;38;195m                    [0m
[48;2;25;38;195m                    [0m[48;2;25;38;195m          [0m[38;2;242;239;231;48;2;25;38;195m│[0m[48;2;25;38;195m [0m[48;2;25;38;195m[38;2;242;239;231;48;2;25;38;195m█[0m[38;2;177;174;169;48;2;25;38;195mtype a name or pattern, like *.iso[0m[48;2;25;38;195m                     [0m[0m[48;2;25;38;195m [0m[38;2;242;239;231;48;2;25;38;195m│[0m[48;2;25;38;195m          [0m[48;2;25;38;195m                    [0m
[48;2;25;38;195m                    [0m[48;2;25;38;195m          [0m[38;2;242;239;231;48;2;25;38;195m└──────────────────────────────────────────────────────────┘[0m[48;2;25;38;195m          [0m[48;2;25;38;195m                    [0m
[48;2;25;38;195m                    [0m[48;2;25;38;195m          [0m[48;2;25;38;195m                                                            [0m[48;2;25;38;195m          [0m[48;2;25;38;195m                    [0m
[48;2;25;38;195m                    [0m[48;2;25;38;195m          [0m[38;2;177;174;169;48;2;25;38;195mType a name or pattern and press enter to add it. Press[0m[48;2;25;38;195m     [0m[48;2;25;38;195m          [0m[48;2;25;38;195m                    [0m
[48;2;25;38;195m                    [0m[48;2;25;38;195m          [0m[38;2;177;174;169;48;2;25;38;195menter on an empty box to move on.[0m[48;2;25;38;195m                           [0m[48;2;25;38;195m          [0m[48;2;25;38;195m                    [0m
[48;2;25;38;195m                    [0m[48;2;25;38;195m                                                                                [0m[48;2;25;38;195m                    [0m
[48;2;25;38;195m                    [0m[48;2;25;38;195m                                                                                [0m[48;2;25;38;195m                    [0m
[48;2;25;38;195m                    [0m[48;2;25;38;195m                                                                                [0m[48;2;25;38;195m                    [0m
[48;2;25;38;195m                    [0m[48;2;25;38;195m                                                                                [0m[48;2;25;38;195m                    [0m
[48;2;25;38;195m                    [0m[38;2;121;119;116;48;2;25;38;195m────────────────────────────────────────────────────────────────────────────────[0m[48;2;25;38;195m                    [0m
[48;2;25;38;195m                    [0m[1;38;2;242;239;231;48;2;25;38;195m[enter][0m[38;2;177;174;169;48;2;25;38;195m continue[0m[48;2;25;38;195m   [0m[1;38;2;242;239;231;48;2;25;38;195m[↑][0m[38;2;177;174;169;48;2;25;38;195m remove one[0m[48;2;25;38;195m   [0m[1;38;2;242;239;231;48;2;25;38;195m[esc][0m[38;2;177;174;169;48;2;25;38;195m back[0m[48;2;25;38;195m                                  [0m[48;2;25;38;195m                    [0m
[48;2;25;38;195m                                                                                                                        [0m
[48;2;25;38;195m                                                                                                                        [0m
[48;2;25;38;195m                                                                                                                        [0m
[48;2;25;38;195m                                                                                                                        [0m
[48;2;25;38;195m                                                                                                                        [0m
[48;2;25;38;195m                                                                                                                        [0m
[48;2;25;38;195m                                                                                                                        [0m