[48;2;25;38;195m                                                                                                                        [0m
[48;2;25;38;195m                                                                                                                        [0m
[48;2;25;38;195m                                                                                                                        [0m
[48;2;25;38;195m                                                                                                                        [0m
[48;2;25;38;195m                                                                                                                        [0m
[48;2;25;38;195m                                                                                                                        [0m
[48;2;25;38;195m                                                                                                                        [0m
[48;2;25;38;195m                    [0m[48;2;242;239;231m [0m[1;38;2;25;38;195;48;2;242;239;231mFROST[0m[48;2;242;239;231m [0m[38;2;177;174;169;48;2;25;38;195m  setup[0m[48;2;25;38;195m                                      [0m[38;2;177;174;169;48;2;25;38;195mstorage  [0m[38;2;242;239;231;48;2;25;38;195m━━━[0m[48;2;25;38;195m [0m[38;2;121;119;116;48;2;25;38;195m━━━[0m[48;2;25;38;195m [0m[38;2;121;119;116;48;2;25;38;195m━━━[0m[48;2;25;38;195m [0m[38;2;121;119;116;48;2;25;38;195m━━━[0m[48;2;25;38;195m [0m[38;2;121;119;116;48;2;25;38;195m━━━[0m[48;2;25;38;195m                    [0m
[48;2;25;38;195m                    [0m[48;2;25;38;195m                                                                                [0m[48;2;25;38;195m                    [0m
[48;2;25;38;195m                    [0m[48;2;25;38;195m          [0m[48;2;25;38;195m                                                            [0m[48;2;25;38;195m          [0m[48;2;25;38;195m                    [0m
[48;2;25;38;195m                    [0m[48;2;25;38;195m          [0m[48;2;25;38;195m                                                            [0m[48;2;25;38;195m          [0m[48;2;25;38;195m                    [0m
[48;2;25;38;195m                    [0m[48;2;25;38;195m          [0m[38;2;177;174;169;48;2;25;38;195mPermafrost[0m[48;2;25;38;195m                                                  [0m[48;2;25;38;195m          [0m[48;2;25;38;195m                    [0m
[48;2;25;38;195m                    [0m[48;2;25;38;195m          [0m[1;38;2;242;239;231;48;2;25;38;195mGet your access key in your browser.[0m[48;2;25;38;195m                        [0m[48;2;25;38;195m          [0m[48;2;25;38;195m                    [0m
[48;2;25;38;195m                    [0m[48;2;25;38;195m          [0m[38;2;177;174;169;48;2;25;38;195mGrab one there.[0m[48;2;25;38;195m                                             [0m[48;2;25;38;195m          [0m[48;2;25;38;195m                    [0m
[48;2;25;38;195m                    [0m[48;2;25;38;195m          [0m[48;2;25;38;195m                                                            [0m[48;2;25;38;195m          [0m[48;2;25;38;195m                    [0m
[48;2;25;38;195m                    [0m[48;2;25;38;195m          [0m[38;2;242;239;231;48;2;25;38;195m┌──────────────────────────────────────────────────────────┐[0m[48;2;25;38;195m          [0m[48;2;25;38;195m                    [0m
[48;2;25;38;195m                    [0m[48;2;25;38;195m          [0m[38;2;242;239;231;48;2;25;38;195m│[0m[48;2;25;38;195m [0m[48;2;25;38;195m[1;38;2;242;239;231;48;2;25;38;195m[1;38;2;242;239;231;48;2;25;38;195m|[0m[0m[38;2;242;239;231;48;2;25;38;195m Opening your browser[0m[48;2;25;38;195m                        [0m[38;2;177;174;169;48;2;25;38;195m25:00 left[0m[0m[48;2;25;38;195m [0m[38;2;242;239;231;48;2;25;38;195m│[0m[48;2;25;38;195m          [0m[48;2;25;38;195m                    [0m
[48;2;25;38;195m                    [0m[48;2;25;38;195m          [0m[38;2;242;239;231;48;2;25;38;195m└──────────────────────────────────────────────────────────┘[0m[48;2;25;38;195m          [0m[48;2;25;38;195m                    [0m
[48;2;25;38;195m                    [0m[48;2;25;38;195m                                                                                [0m[48;2;25;38;195m                    [0m
[48;2;25;38;195m                    [0m[48;2;25;38;195m                                                                                [0m[48;2;25;38;195m                    [0m
[48;2;25;38;195m                    [0m[48;2;25;38;195m                                                                                [0m[48;2;25;38;195m                    [0m
[48;2;25;38;195m                    [0m[48;2;25;38;195m                                                                                [0m[48;2;25;38;195m                    [0m
[48;2;25;38;195m                    [0m[48;2;25;38;195m                                                                                [0m[48;2;25;38;195m                    [0m
[48;2;25;38;195m                    [0m[48;2;25;38;195m                                                                                [0m[48;2;25;38;195m                    [0m
[48;2;25;38;195m                    [0m[48;2;25;38;195m                                                                                [0m[48;2;25;38;195m                    [0m
[48;2;25;38;195m                    [0m[48;2;25;38;195m                                                                                [0m[48;2;25;38;195m                    [0m
[48;2;25;38;195m                    [0m[48;2;25;38;195m                                                                                [0m[48;2;25;38;195m                    [0m
[48;2;25;38;195m                    [0m[48;2;25;38;195m                                                                                [0m[48;2;25;38;195m                    [0m
[48;2;25;38;195m                    [0m[48;2;25;38;195m                                                                                [0m[48;2;25;38;195m                    [0m
[48;2;25;38;195m                    [0m[48;2;25;38;195m                                                                                [0m[48;2;25;38;195m                    [0m
[48;2;25;38;195m                    [0m[48;2;25;38;195m                                                                                [0m[48;2;25;38;195m                    [0m
[48;2;25;38;195m                    [0m[38;2;121;119;116;48;2;25;38;195m────────────────────────────────────────────────────────────────────────────────[0m[48;2;25;38;195m                    [0m
[48;2;25;38;195m                    [0m[1;38;2;242;239;231;48;2;25;38;195m[p][0m[38;2;177;174;169;48;2;25;38;195m paste a key instead[0m[48;2;25;38;195m   [0m[1;38;2;242;239;231;48;2;25;38;195m[esc][0m[38;2;177;174;169;48;2;25;38;195m cancel[0m[48;2;25;38;195m   [0m[1;38;2;242;239;231;48;2;25;38;195m[q][0m[38;2;177;174;169;48;2;25;38;195m quit[0m[48;2;25;38;195m                               [0m[48;2;25;38;195m                    [0m
[48;2;25;38;195m                                                                                                                        [0m
[48;2;25;38;195m                                                                                                                        [0m
[48;2;25;38;195m                                                                                                                        [0m
[48;2;25;38;195m                                                                                                                        [0m
[48;2;25;38;195m                                                                                                                        [0m
[48;2;25;38;195m                                                                                                                        [0m
[48;2;25;38;195m                                                                                                                        [0m