[48;2;25;38;195m                                                                                                                        [0m
[48;2;25;38;195m                                                                                                                        [0m
[48;2;25;38;195m                                                                                                                        [0m
[48;2;25;38;195m                                                                                                                        [0m
[48;2;25;38;195m                                                                                                                        [0m
[48;2;25;38;195m                                                                                                                        [0m
[48;2;25;38;195m                                                                                                                        [0m
[48;2;25;38;195m                    [0m[48;2;242;239;231m [0m[1;38;2;25;38;195;48;2;242;239;231mFROST[0m[48;2;242;239;231m [0m[38;2;177;174;169;48;2;25;38;195m  setup[0m[48;2;25;38;195m                                      [0m[38;2;177;174;169;48;2;25;38;195mstorage  [0m[38;2;242;239;231;48;2;25;38;195m━━━[0m[48;2;25;38;195m [0m[38;2;121;119;116;48;2;25;38;195m━━━[0m[48;2;25;38;195m [0m[38;2;121;119;116;48;2;25;38;195m━━━[0m[48;2;25;38;195m [0m[38;2;121;119;116;48;2;25;38;195m━━━[0m[48;2;25;38;195m [0m[38;2;121;119;116;48;2;25;38;195m━━━[0m[48;2;25;38;195m                    [0m
[48;2;25;38;195m                    [0m[48;2;25;38;195m                                                                                [0m[48;2;25;38;195m                    [0m
[48;2;25;38;195m                    [0m[48;2;25;38;195m          [0m[48;2;25;38;195m                                                            [0m[48;2;25;38;195m          [0m[48;2;25;38;195m                    [0m
[48;2;25;38;195m                    [0m[48;2;25;38;195m          [0m[48;2;25;38;195m                                                            [0m[48;2;25;38;195m          [0m[48;2;25;38;195m                    [0m
[48;2;25;38;195m                    [0m[48;2;25;38;195m          [0m[1;38;2;242;239;231;48;2;25;38;195mWhere should backups go?[0m[48;2;25;38;195m                                    [0m[48;2;25;38;195m          [0m[48;2;25;38;195m                    [0m
[48;2;25;38;195m                    [0m[48;2;25;38;195m          [0m[38;2;177;174;169;48;2;25;38;195mChoose your storage provider below.[0m[48;2;25;38;195m                         [0m[48;2;25;38;195m          [0m[48;2;25;38;195m                    [0m
[48;2;25;38;195m                    [0m[48;2;25;38;195m          [0m[48;2;25;38;195m                                                            [0m[48;2;25;38;195m          [0m[48;2;25;38;195m                    [0m
[48;2;25;38;195m                    [0m[48;2;25;38;195m          [0m[38;2;10;10;11;48;2;242;239;231m (•) Permafrost            recommended                      [0m[48;2;25;38;195m          [0m[48;2;25;38;195m                    [0m
[48;2;25;38;195m                    [0m[48;2;25;38;195m          [0m[38;2;242;239;231;48;2;25;38;195m ( ) Backblaze B2         [0m[38;2;177;174;169;48;2;25;38;195m[0m[48;2;25;38;195m                                  [0m[48;2;25;38;195m          [0m[48;2;25;38;195m                    [0m
[48;2;25;38;195m                    [0m[48;2;25;38;195m          [0m[38;2;242;239;231;48;2;25;38;195m ( ) Amazon S3            [0m[38;2;177;174;169;48;2;25;38;195m[0m[48;2;25;38;195m                                  [0m[48;2;25;38;195m          [0m[48;2;25;38;195m                    [0m
[48;2;25;38;195m                    [0m[48;2;25;38;195m          [0m[38;2;242;239;231;48;2;25;38;195m ( ) Cloudflare R2        [0m[38;2;177;174;169;48;2;25;38;195m[0m[48;2;25;38;195m                                  [0m[48;2;25;38;195m          [0m[48;2;25;38;195m                    [0m
[48;2;25;38;195m                    [0m[48;2;25;38;195m          [0m[38;2;242;239;231;48;2;25;38;195m ( ) Wasabi               [0m[38;2;177;174;169;48;2;25;38;195m[0m[48;2;25;38;195m                                  [0m[48;2;25;38;195m          [0m[48;2;25;38;195m                    [0m
[48;2;25;38;195m                    [0m[48;2;25;38;195m          [0m[38;2;242;239;231;48;2;25;38;195m ( ) Other S3-compatible   [0m[38;2;177;174;169;48;2;25;38;195mMinIO, Ceph[0m[48;2;25;38;195m                      [0m[48;2;25;38;195m          [0m[48;2;25;38;195m                    [0m
[48;2;25;38;195m                    [0m[48;2;25;38;195m                                                                                [0m[48;2;25;38;195m                    [0m
[48;2;25;38;195m                    [0m[48;2;25;38;195m                                                                                [0m[48;2;25;38;195m                    [0m
[48;2;25;38;195m                    [0m[48;2;25;38;195m                                                                                [0m[48;2;25;38;195m                    [0m
[48;2;25;38;195m                    [0m[48;2;25;38;195m                                                                                [0m[48;2;25;38;195m                    [0m
[48;2;25;38;195m                    [0m[48;2;25;38;195m                                                                                [0m[48;2;25;38;195m                    [0m
[48;2;25;38;195m                    [0m[48;2;25;38;195m                                                                                [0m[48;2;25;38;195m                    [0m
[48;2;25;38;195m                    [0m[48;2;25;38;195m                                                                                [0m[48;2;25;38;195m                    [0m
[48;2;25;38;195m                    [0m[48;2;25;38;195m                                                                                [0m[48;2;25;38;195m                    [0m
[48;2;25;38;195m                    [0m[48;2;25;38;195m                                                                                [0m[48;2;25;38;195m                    [0m
[48;2;25;38;195m                    [0m[48;2;25;38;195m                                                                                [0m[48;2;25;38;195m                    [0m
[48;2;25;38;195m                    [0m[48;2;25;38;195m                                                                                [0m[48;2;25;38;195m                    [0m
[48;2;25;38;195m                    [0m[38;2;121;119;116;48;2;25;38;195m────────────────────────────────────────────────────────────────────────────────[0m[48;2;25;38;195m                    [0m
[48;2;25;38;195m                    [0m[1;38;2;242;239;231;48;2;25;38;195m[enter][0m[38;2;177;174;169;48;2;25;38;195m next[0m[48;2;25;38;195m   [0m[1;38;2;242;239;231;48;2;25;38;195m[↑↓][0m[38;2;177;174;169;48;2;25;38;195m choose[0m[48;2;25;38;195m   [0m[1;38;2;242;239;231;48;2;25;38;195m[esc][0m[38;2;177;174;169;48;2;25;38;195m back[0m[48;2;25;38;195m   [0m[1;38;2;242;239;231;48;2;25;38;195m[q][0m[38;2;177;174;169;48;2;25;38;195m quit[0m[48;2;25;38;195m                              [0m[48;2;25;38;195m                    [0m
[48;2;25;38;195m                                                                                                                        [0m
[48;2;25;38;195m                                                                                                                        [0m
[48;2;25;38;195m                                                                                                                        [0m
[48;2;25;38;195m                                                                                                                        [0m
[48;2;25;38;195m                                                                                                                        [0m
[48;2;25;38;195m                                                                                                                        [0m
[48;2;25;38;195m                                                                                                                        [0m