[48;2;25;38;195m                                                                                                                        [0m
[48;2;25;38;195m                                                                                                                        [0m
[48;2;25;38;195m                                                                                                                        [0m
[48;2;25;38;195m                                                                                                                        [0m
[48;2;25;38;195m                                                                                                                        [0m
[48;2;25;38;195m                                                                                                                        [0m
[48;2;25;38;195m                                                                                                                        [0m
[48;2;25;38;195m                    [0m[48;2;242;239;231m [0m[1;38;2;25;38;195;48;2;242;239;231mFROST[0m[48;2;242;239;231m [0m[38;2;177;174;169;48;2;25;38;195m  setup[0m[48;2;25;38;195m                                       [0m[38;2;177;174;169;48;2;25;38;195mreview  [0m[38;2;242;239;231;48;2;25;38;195m━━━[0m[48;2;25;38;195m [0m[38;2;242;239;231;48;2;25;38;195m━━━[0m[48;2;25;38;195m [0m[38;2;242;239;231;48;2;25;38;195m━━━[0m[48;2;25;38;195m [0m[38;2;242;239;231;48;2;25;38;195m━━━[0m[48;2;25;38;195m [0m[38;2;242;239;231;48;2;25;38;195m━━━[0m[48;2;25;38;195m                    [0m
[48;2;25;38;195m                    [0m[48;2;25;38;195m                                                                                [0m[48;2;25;38;195m                    [0m
[48;2;25;38;195m                    [0m[48;2;25;38;195m                                                                                [0m[48;2;25;38;195m                    [0m
[48;2;25;38;195m                    [0m[48;2;25;38;195m                                                                                [0m[48;2;25;38;195m                    [0m
[48;2;25;38;195m                    [0m[48;2;25;38;195m                                                                                [0m[48;2;25;38;195m                    [0m
[48;2;25;38;195m                    [0m[48;2;25;38;195m                                                                                [0m[48;2;25;38;195m                    [0m
[48;2;25;38;195m                    [0m[48;2;25;38;195m                                                                                [0m[48;2;25;38;195m                    [0m
[48;2;25;38;195m                    [0m[48;2;25;38;195m                                                                                [0m[48;2;25;38;195m                    [0m
[48;2;25;38;195m                    [0m[48;2;25;38;195m                                                                                [0m[48;2;25;38;195m                    [0m
[48;2;25;38;195m                    [0m[48;2;25;38;195m                         [0m[1;38;2;242;239;231;48;2;25;38;195mAre you sure you want to quit?[0m[48;2;25;38;195m                         [0m[48;2;25;38;195m                    [0m
[48;2;25;38;195m                    [0m[48;2;25;38;195m                                                                                [0m[48;2;25;38;195m                    [0m
[48;2;25;38;195m                    [0m[48;2;25;38;195m                         [0m[38;2;177;174;169;48;2;25;38;195mUnsaved changes will be lost.[0m[48;2;25;38;195m                          [0m[48;2;25;38;195m                    [0m
[48;2;25;38;195m                    [0m[48;2;25;38;195m                                                                                [0m[48;2;25;38;195m                    [0m
[48;2;25;38;195m                    [0m[48;2;25;38;195m                                                                                [0m[48;2;25;38;195m                    [0m
[48;2;25;38;195m                    [0m[48;2;25;38;195m                               [0m[1;38;2;242;239;231;48;2;25;38;195m[y][0m[38;2;242;239;231;48;2;25;38;195m yes[0m[48;2;25;38;195m     [0m[1;38;2;242;239;231;48;2;25;38;195m[n][0m[38;2;242;239;231;48;2;25;38;195m no[0m[48;2;25;38;195m                               [0m[48;2;25;38;195m                    [0m
[48;2;25;38;195m                    [0m[48;2;25;38;195m                                                                                [0m[48;2;25;38;195m                    [0m
[48;2;25;38;195m                    [0m[48;2;25;38;195m                                                                                [0m[48;2;25;38;195m                    [0m
[48;2;25;38;195m                    [0m[48;2;25;38;195m                                                                                [0m[48;2;25;38;195m                    [0m
[48;2;25;38;195m                    [0m[48;2;25;38;195m                                                                                [0m[48;2;25;38;195m                    [0m
[48;2;25;38;195m                    [0m[48;2;25;38;195m                                                                                [0m[48;2;25;38;195m                    [0m
[48;2;25;38;195m                    [0m[48;2;25;38;195m                                                                                [0m[48;2;25;38;195m                    [0m
[48;2;25;38;195m                    [0m[48;2;25;38;195m                                                                                [0m[48;2;25;38;195m                    [0m
[48;2;25;38;195m                    [0m[48;2;25;38;195m                                                                                [0m[48;2;25;38;195m                    [0m
[48;2;25;38;195m                    [0m[48;2;25;38;195m                                                                                [0m[48;2;25;38;195m                    [0m
[48;2;25;38;195m                    [0m[38;2;121;119;116;48;2;25;38;195m────────────────────────────────────────────────────────────────────────────────[0m[48;2;25;38;195m                    [0m
[48;2;25;38;195m                    [0m[48;2;25;38;195m                                                                                [0m[48;2;25;38;195m                    [0m
[48;2;25;38;195m                                                                                                                        [0m
[48;2;25;38;195m                                                                                                                        [0m
[48;2;25;38;195m                                                                                                                        [0m
[48;2;25;38;195m                                                                                                                        [0m
[48;2;25;38;195m                                                                                                                        [0m
[48;2;25;38;195m                                                                                                                        [0m
[48;2;25;38;195m                                                                                                                        [0m