[48;2;25;38;195m                                                                                                                        [0m
[48;2;25;38;195m                                                                                                                        [0m
[48;2;25;38;195m                                                                                                                        [0m
[48;2;25;38;195m                                                                                                                        [0m
[48;2;25;38;195m                                                                                                                        [0m
[48;2;25;38;195m                                                                                                                        [0m
[48;2;25;38;195m                                                                                                                        [0m
[48;2;25;38;195m                    [0m[48;2;242;239;231m [0m[1;38;2;25;38;195;48;2;242;239;231mFROST[0m[48;2;242;239;231m [0m[38;2;177;174;169;48;2;25;38;195m  setup[0m[48;2;25;38;195m                              [0m[38;2;177;174;169;48;2;25;38;195mrecovery phrase  [0m[38;2;242;239;231;48;2;25;38;195m━━━[0m[48;2;25;38;195m [0m[38;2;242;239;231;48;2;25;38;195m━━━[0m[48;2;25;38;195m [0m[38;2;242;239;231;48;2;25;38;195m━━━[0m[48;2;25;38;195m [0m[38;2;242;239;231;48;2;25;38;195m━━━[0m[48;2;25;38;195m [0m[38;2;121;119;116;48;2;25;38;195m━━━[0m[48;2;25;38;195m                    [0m
[48;2;25;38;195m                    [0m[48;2;25;38;195m                                                                                [0m[48;2;25;38;195m                    [0m
[48;2;25;38;195m                    [0m[48;2;25;38;195m          [0m[48;2;25;38;195m                                                            [0m[48;2;25;38;195m          [0m[48;2;25;38;195m                    [0m
[48;2;25;38;195m                    [0m[48;2;25;38;195m          [0m[48;2;25;38;195m                                                            [0m[48;2;25;38;195m          [0m[48;2;25;38;195m                    [0m
[48;2;25;38;195m                    [0m[48;2;25;38;195m          [0m[1;38;2;242;239;231;48;2;25;38;195mThese backups use a different key.[0m[48;2;25;38;195m                          [0m[48;2;25;38;195m          [0m[48;2;25;38;195m                    [0m
[48;2;25;38;195m                    [0m[48;2;25;38;195m          [0m[38;2;177;174;169;48;2;25;38;195mThe key on this machine doesn't open them. Type their[0m[48;2;25;38;195m       [0m[48;2;25;38;195m          [0m[48;2;25;38;195m                    [0m
[48;2;25;38;195m                    [0m[48;2;25;38;195m          [0m[38;2;177;174;169;48;2;25;38;195mrecovery phrase, and frost will use that key here instead.[0m[48;2;25;38;195m  [0m[48;2;25;38;195m          [0m[48;2;25;38;195m                    [0m
[48;2;25;38;195m                    [0m[48;2;25;38;195m          [0m[48;2;25;38;195m                                                            [0m[48;2;25;38;195m          [0m[48;2;25;38;195m                    [0m
[48;2;25;38;195m                    [0m[48;2;25;38;195m          [0m[38;2;242;239;231;48;2;25;38;195m┌──────────────────────────────────────────────────────────┐[0m[48;2;25;38;195m          [0m[48;2;25;38;195m                    [0m
[48;2;25;38;195m                    [0m[48;2;25;38;195m          [0m[38;2;242;239;231;48;2;25;38;195m│[0m[48;2;25;38;195m [0m[48;2;25;38;195m[38;2;242;239;231;48;2;25;38;195m••••••••••••••[0m[38;2;242;239;231;48;2;25;38;195m█[0m[48;2;25;38;195m                                         [0m[0m[48;2;25;38;195m [0m[38;2;242;239;231;48;2;25;38;195m│[0m[48;2;25;38;195m          [0m[48;2;25;38;195m                    [0m
[48;2;25;38;195m                    [0m[48;2;25;38;195m          [0m[38;2;242;239;231;48;2;25;38;195m└──────────────────────────────────────────────────────────┘[0m[48;2;25;38;195m          [0m[48;2;25;38;195m                    [0m
[48;2;25;38;195m                    [0m[48;2;25;38;195m          [0m[48;2;25;38;195m                                                            [0m[48;2;25;38;195m          [0m[48;2;25;38;195m                    [0m
[48;2;25;38;195m                    [0m[48;2;25;38;195m          [0m[38;2;177;174;169;48;2;25;38;195mAll 24 words, separated by spaces.[0m[48;2;25;38;195m                          [0m[48;2;25;38;195m          [0m[48;2;25;38;195m                    [0m
[48;2;25;38;195m                    [0m[48;2;25;38;195m                                                                                [0m[48;2;25;38;195m                    [0m
[48;2;25;38;195m                    [0m[48;2;25;38;195m                                                                                [0m[48;2;25;38;195m                    [0m
[48;2;25;38;195m                    [0m[48;2;25;38;195m                                                                                [0m[48;2;25;38;195m                    [0m
[48;2;25;38;195m                    [0m[48;2;25;38;195m                                                                                [0m[48;2;25;38;195m                    [0m
[48;2;25;38;195m                    [0m[48;2;25;38;195m                                                                                [0m[48;2;25;38;195m                    [0m
[48;2;25;38;195m                    [0m[48;2;25;38;195m                                                                                [0m[48;2;25;38;195m                    [0m
[48;2;25;38;195m                    [0m[48;2;25;38;195m                                                                                [0m[48;2;25;38;195m                    [0m
[48;2;25;38;195m                    [0m[48;2;25;38;195m                                                                                [0m[48;2;25;38;195m                    [0m
[48;2;25;38;195m                    [0m[48;2;25;38;195m                                                                                [0m[48;2;25;38;195m                    [0m
[48;2;25;38;195m                    [0m[48;2;25;38;195m                                                                                [0m[48;2;25;38;195m                    [0m
[48;2;25;38;195m                    [0m[48;2;25;38;195m                                                                                [0m[48;2;25;38;195m                    [0m
[48;2;25;38;195m                    [0m[38;2;121;119;116;48;2;25;38;195m────────────────────────────────────────────────────────────────────────────────[0m[48;2;25;38;195m                    [0m
[48;2;25;38;195m                    [0m[1;38;2;242;239;231;48;2;25;38;195m[enter][0m[38;2;177;174;169;48;2;25;38;195m unlock[0m[48;2;25;38;195m   [0m[1;38;2;242;239;231;48;2;25;38;195m[tab][0m[38;2;177;174;169;48;2;25;38;195m show phrase[0m[48;2;25;38;195m   [0m[1;38;2;242;239;231;48;2;25;38;195m[esc][0m[38;2;177;174;169;48;2;25;38;195m back[0m[48;2;25;38;195m                                 [0m[48;2;25;38;195m                    [0m
[48;2;25;38;195m                                                                                                                        [0m
[48;2;25;38;195m                                                                                                                        [0m
[48;2;25;38;195m                                                                                                                        [0m
[48;2;25;38;195m                                                                                                                        [0m
[48;2;25;38;195m                                                                                                                        [0m
[48;2;25;38;195m                                                                                                                        [0m
[48;2;25;38;195m                                                                                                                        [0m