[48;2;25;38;195m                                                                                                                        [0m
[48;2;25;38;195m                                                                                                                        [0m
[48;2;25;38;195m                                                                                                                        [0m
[48;2;25;38;195m                                                                                                                        [0m
[48;2;25;38;195m                                                                                                                        [0m
[48;2;25;38;195m                                                                                                                        [0m
[48;2;25;38;195m                                                                                                                        [0m
[48;2;25;38;195m                    [0m[48;2;242;239;231m [0m[1;38;2;25;38;195;48;2;242;239;231mFROST[0m[48;2;242;239;231m [0m[38;2;177;174;169;48;2;25;38;195m  setup[0m[48;2;25;38;195m                                      [0m[38;2;177;174;169;48;2;25;38;195mfolders  [0m[38;2;242;239;231;48;2;25;38;195m━━━[0m[48;2;25;38;195m [0m[38;2;242;239;231;48;2;25;38;195m━━━[0m[48;2;25;38;195m [0m[38;2;121;119;116;48;2;25;38;195m━━━[0m[48;2;25;38;195m [0m[38;2;121;119;116;48;2;25;38;195m━━━[0m[48;2;25;38;195m [0m[38;2;121;119;116;48;2;25;38;195m━━━[0m[48;2;25;38;195m                    [0m
[48;2;25;38;195m                    [0m[48;2;25;38;195m                                                                                [0m[48;2;25;38;195m                    [0m
[48;2;25;38;195m                    [0m[48;2;25;38;195m          [0m[48;2;25;38;195m                                                            [0m[48;2;25;38;195m          [0m[48;2;25;38;195m                    [0m
[48;2;25;38;195m                    [0m[48;2;25;38;195m          [0m[48;2;25;38;195m                                                            [0m[48;2;25;38;195m          [0m[48;2;25;38;195m                    [0m
[48;2;25;38;195m                    [0m[48;2;25;38;195m          [0m[1;38;2;242;239;231;48;2;25;38;195mWhich folders should frost back up?[0m[48;2;25;38;195m                         [0m[48;2;25;38;195m          [0m[48;2;25;38;195m                    [0m
[48;2;25;38;195m                    [0m[48;2;25;38;195m          [0m[38;2;177;174;169;48;2;25;38;195mWhole folders, with everything inside them.[0m[48;2;25;38;195m                 [0m[48;2;25;38;195m          [0m[48;2;25;38;195m                    [0m
[48;2;25;38;195m                    [0m[48;2;25;38;195m          [0m[48;2;25;38;195m                                                            [0m[48;2;25;38;195m          [0m[48;2;25;38;195m                    [0m
[48;2;25;38;195m                    [0m[48;2;25;38;195m          [0m[38;2;10;10;11;48;2;242;239;231m /tmp/frost-setup-test-not-there/Photos  not found          [0m[48;2;25;38;195m          [0m[48;2;25;38;195m                    [0m
[48;2;25;38;195m                    [0m[48;2;25;38;195m          [0m[48;2;25;38;195m                                                            [0m[48;2;25;38;195m          [0m[48;2;25;38;195m                    [0m
[48;2;25;38;195m                    [0m[48;2;25;38;195m          [0m[38;2;121;119;116;48;2;25;38;195m┌──────────────────────────────────────────────────────────┐[0m[48;2;25;38;195m          [0m[48;2;25;38;195m                    [0m
[48;2;25;38;195m                    [0m[48;2;25;38;195m          [0m[38;2;121;119;116;48;2;25;38;195m│[0m[48;2;25;38;195m [0m[48;2;25;38;195m[38;2;177;174;169;48;2;25;38;195mtype a path, like ~/Pictures[0m[48;2;25;38;195m                            [0m[0m[48;2;25;38;195m [0m[38;2;121;119;116;48;2;25;38;195m│[0m[48;2;25;38;195m          [0m[48;2;25;38;195m                    [0m
[48;2;25;38;195m                    [0m[48;2;25;38;195m          [0m[38;2;121;119;116;48;2;25;38;195m└──────────────────────────────────────────────────────────┘[0m[48;2;25;38;195m          [0m[48;2;25;38;195m                    [0m
[48;2;25;38;195m                    [0m[48;2;25;38;195m          [0m[48;2;25;38;195m                                                            [0m[48;2;25;38;195m          [0m[48;2;25;38;195m                    [0m
[48;2;25;38;195m                    [0m[48;2;25;38;195m          [0m[38;2;177;174;169;48;2;25;38;195mType a path and press enter to add it. Press enter on an[0m[48;2;25;38;195m    [0m[48;2;25;38;195m          [0m[48;2;25;38;195m                    [0m
[48;2;25;38;195m                    [0m[48;2;25;38;195m          [0m[38;2;177;174;169;48;2;25;38;195mempty box to move on.[0m[48;2;25;38;195m                                       [0m[48;2;25;38;195m          [0m[48;2;25;38;195m                    [0m
[48;2;25;38;195m                    [0m[48;2;25;38;195m          [0m[48;2;25;38;195m                                                            [0m[48;2;25;38;195m          [0m[48;2;25;38;195m                    [0m
[48;2;25;38;195m                    [0m[48;2;25;38;195m          [0m[38;2;177;174;169;48;2;25;38;195mA folder that isn't there is skipped until it is, like a[0m[48;2;25;38;195m    [0m[48;2;25;38;195m          [0m[48;2;25;38;195m                    [0m
[48;2;25;38;195m                    [0m[48;2;25;38;195m          [0m[38;2;177;174;169;48;2;25;38;195mdrive that isn't plugged in.[0m[48;2;25;38;195m                                [0m[48;2;25;38;195m          [0m[48;2;25;38;195m                    [0m
[48;2;25;38;195m                    [0m[48;2;25;38;195m                                                                                [0m[48;2;25;38;195m                    [0m
[48;2;25;38;195m                    [0m[48;2;25;38;195m                                                                                [0m[48;2;25;38;195m                    [0m
[48;2;25;38;195m                    [0m[48;2;25;38;195m                                                                                [0m[48;2;25;38;195m                    [0m
[48;2;25;38;195m                    [0m[48;2;25;38;195m                                                                                [0m[48;2;25;38;195m                    [0m
[48;2;25;38;195m                    [0m[48;2;25;38;195m                                                                                [0m[48;2;25;38;195m                    [0m
[48;2;25;38;195m                    [0m[48;2;25;38;195m                                                                                [0m[48;2;25;38;195m                    [0m
[48;2;25;38;195m                    [0m[38;2;121;119;116;48;2;25;38;195m────────────────────────────────────────────────────────────────────────────────[0m[48;2;25;38;195m                    [0m
[48;2;25;38;195m                    [0m[1;38;2;242;239;231;48;2;25;38;195m[x][0m[38;2;177;174;169;48;2;25;38;195m remove[0m[48;2;25;38;195m   [0m[1;38;2;242;239;231;48;2;25;38;195m[↑↓][0m[38;2;177;174;169;48;2;25;38;195m choose[0m[48;2;25;38;195m   [0m[1;38;2;242;239;231;48;2;25;38;195m[esc][0m[38;2;177;174;169;48;2;25;38;195m done[0m[48;2;25;38;195m   [0m[1;38;2;242;239;231;48;2;25;38;195m[q][0m[38;2;177;174;169;48;2;25;38;195m quit[0m[48;2;25;38;195m                                [0m[48;2;25;38;195m                    [0m
[48;2;25;38;195m                                                                                                                        [0m
[48;2;25;38;195m                                                                                                                        [0m
[48;2;25;38;195m                                                                                                                        [0m
[48;2;25;38;195m                                                                                                                        [0m
[48;2;25;38;195m                                                                                                                        [0m
[48;2;25;38;195m                                                                                                                        [0m
[48;2;25;38;195m                                                                                                                        [0m